// Jest Snapshot v1, https://goo.gl/fbAQLP

exports[`nestedYaml matches snapshot 1`] = `
"title: Hello World
dashboard:
  title: Welcome to your dashboard
  description: Here you can find all the information you need to get started
"
`;

exports[`yaml matches snapshot 1`] = `
"title: Hello World
dashboard.title: Welcome to your dashboard
dashboard.description: Here you can find all the information you need to get started
"
`;
